events.js:160
      throw er; // Unhandled 'error' event
      ^

Error: unexpected end of file
    at Zlib._handle.onerror (zlib.js:370:17)


